2026-08-05 19:00:54,457 - INFO - Running harvest stage for pathogen=stroke mode=full
2026-08-05 19:00:54,457 - INFO - Harvest root: /Users/fellahkader/Desktop/NeuroSLR/data/agentslr/harvests/stroke
2026-08-05 19:00:54,457 - INFO - PDF output dir: /Users/fellahkader/Desktop/NeuroSLR/data/agentslr/harvests/stroke/pdfs
2026-08-05 19:00:54,457 - INFO - Harvest metadata path: /Users/fellahkader/Desktop/NeuroSLR/data/agentslr/harvests/stroke/harvest_metadata.csv
2026-08-05 19:00:54,457 - INFO - Harvest downloaded path: /Users/fellahkader/Desktop/NeuroSLR/data/agentslr/harvests/stroke/harvest_downloaded_pdfs.csv
2026-08-05 19:00:54,457 - INFO - [2026-08-05T18:00:54+00:00] Harvest start: stroke
2026-08-05 19:00:54,940 - INFO - [2026-08-05T18:00:54+00:00] OpenAlex harvested total: 0
2026-08-05 19:00:57,068 - INFO - [2026-08-05T18:00:57+00:00] PubMed harvested total: 200
2026-08-05 19:00:58,868 - INFO - [2026-08-05T18:00:58+00:00] EuropePMC harvested total: 161
2026-08-05 19:00:58,924 - INFO - [2026-08-05T18:00:58+00:00] Final dedup: 361 -> 348 records
2026-08-05 19:00:58,940 - INFO - [2026-08-05T18:00:58+00:00] Metadata rows ready for download: 348
2026-08-05 19:00:58,943 - INFO - [2026-08-05T18:00:58+00:00] Total records: 348
2026-08-05 19:00:58,943 - INFO - [2026-08-05T18:00:58+00:00] Already downloaded (flagged): 0
2026-08-05 19:00:58,943 - INFO - [2026-08-05T18:00:58+00:00] To process: 348
2026-08-05 19:00:58,943 - INFO - [2026-08-05T18:00:58+00:00] Starting downloads with 8 workers
2026-08-05 19:01:07,056 - INFO - [2026-08-05T18:01:07+00:00] Progress: [50/348] (success: 10)
2026-08-05 19:01:19,339 - INFO - [2026-08-05T18:01:19+00:00] Progress: [100/348] (success: 18)
2026-08-05 19:01:49,908 - INFO - [2026-08-05T18:01:49+00:00] Progress: [150/348] (success: 28)
2026-08-05 19:02:17,733 - INFO - [2026-08-05T18:02:17+00:00] Progress: [200/348] (success: 47)
2026-08-05 19:06:17,458 - INFO - [2026-08-05T18:06:17+00:00] Progress: [250/348] (success: 86)
2026-08-05 19:08:26,183 - INFO - [2026-08-05T18:08:26+00:00] Progress: [300/348] (success: 114)
2026-08-05 19:12:27,735 - INFO - Complete: stroke
2026-08-05 19:12:27,736 - INFO - Total records: 348
2026-08-05 19:12:27,736 - INFO - Successfully downloaded: 149
2026-08-05 19:12:27,736 - INFO - Failed: 199
2026-08-05 19:12:27,736 - INFO - Metadata saved to: /Users/fellahkader/Desktop/NeuroSLR/data/agentslr/harvests/stroke/harvest_metadata.csv
2026-08-05 19:12:27,736 - INFO - Downloaded output saved to: /Users/fellahkader/Desktop/NeuroSLR/data/agentslr/harvests/stroke/harvest_downloaded_pdfs.csv
2026-08-05 19:12:27,736 - INFO - Progress saved to: /Users/fellahkader/Desktop/NeuroSLR/data/agentslr/harvests/stroke/metadata_progress.csv
